// Jest Snapshot v1, https://goo.gl/fbAQLP

exports[`renders our the word app 1`] = `
<div>
  Notinhg
</div>
`;
